Archive member included because of file (symbol)

/opt/local/lib/gcc/avr/4.8.2/avr5/libgcc.a(_exit.o)
                              /opt/local/lib/gcc/avr/4.8.2/../../../../avr/lib/avr5/crtm328p.o (exit)
/opt/local/lib/gcc/avr/4.8.2/../../../../avr/lib/avr5/libm.a(cmpsf2.o)
                              fishertechnikmodel.o (__ltsf2)
/opt/local/lib/gcc/avr/4.8.2/../../../../avr/lib/avr5/libm.a(floatsisf.o)
                              fishertechnikmodel.o (__floatunsisf)
/opt/local/lib/gcc/avr/4.8.2/../../../../avr/lib/avr5/libm.a(fp_cmp.o)
                              /opt/local/lib/gcc/avr/4.8.2/../../../../avr/lib/avr5/libm.a(cmpsf2.o) (__fp_cmp)
/opt/local/lib/gcc/avr/4.8.2/../../../../avr/lib/avr5/libm.a(gesf2.o)
                              fishertechnikmodel.o (__gesf2)

Memory Configuration

Name             Origin             Length             Attributes
text             0x0000000000000000 0x0000000000020000 xr
data             0x0000000000800060 0x000000000000ffa0 rw !x
eeprom           0x0000000000810000 0x0000000000010000 rw !x
fuse             0x0000000000820000 0x0000000000000400 rw !x
lock             0x0000000000830000 0x0000000000000400 rw !x
signature        0x0000000000840000 0x0000000000000400 rw !x
*default*        0x0000000000000000 0xffffffffffffffff

Linker script and memory map

Address of section .data set to 0x800100
LOAD /opt/local/lib/gcc/avr/4.8.2/../../../../avr/lib/avr5/crtm328p.o
LOAD main.o
LOAD fishertechnikmodel.o
START GROUP
LOAD /opt/local/lib/gcc/avr/4.8.2/avr5/libgcc.a
LOAD /opt/local/lib/gcc/avr/4.8.2/../../../../avr/lib/avr5/libm.a
LOAD /opt/local/lib/gcc/avr/4.8.2/../../../../avr/lib/avr5/libc.a
END GROUP

.hash
 *(.hash)

.dynsym
 *(.dynsym)

.dynstr
 *(.dynstr)

.gnu.version
 *(.gnu.version)

.gnu.version_d
 *(.gnu.version_d)

.gnu.version_r
 *(.gnu.version_r)

.rel.init
 *(.rel.init)

.rela.init
 *(.rela.init)

.rel.text
 *(.rel.text)
 *(.rel.text.*)
 *(.rel.gnu.linkonce.t*)

.rela.text
 *(.rela.text)
 *(.rela.text.*)
 *(.rela.gnu.linkonce.t*)

.rel.fini
 *(.rel.fini)

.rela.fini
 *(.rela.fini)

.rel.rodata
 *(.rel.rodata)
 *(.rel.rodata.*)
 *(.rel.gnu.linkonce.r*)

.rela.rodata
 *(.rela.rodata)
 *(.rela.rodata.*)
 *(.rela.gnu.linkonce.r*)

.rel.data
 *(.rel.data)
 *(.rel.data.*)
 *(.rel.gnu.linkonce.d*)

.rela.data
 *(.rela.data)
 *(.rela.data.*)
 *(.rela.gnu.linkonce.d*)

.rel.ctors
 *(.rel.ctors)

.rela.ctors
 *(.rela.ctors)

.rel.dtors
 *(.rel.dtors)

.rela.dtors
 *(.rela.dtors)

.rel.got
 *(.rel.got)

.rela.got
 *(.rela.got)

.rel.bss
 *(.rel.bss)

.rela.bss
 *(.rela.bss)

.rel.plt
 *(.rel.plt)

.rela.plt
 *(.rela.plt)

.text           0x0000000000000000      0x55c
 *(.vectors)
 .vectors       0x0000000000000000       0x68 /opt/local/lib/gcc/avr/4.8.2/../../../../avr/lib/avr5/crtm328p.o
                0x0000000000000000                __vectors
                0x0000000000000000                __vector_default
 *(.vectors)
 *(.progmem.gcc*)
 *(.progmem*)
                0x0000000000000068                . = ALIGN (0x2)
                0x0000000000000068                __trampolines_start = .
 *(.trampolines)
 .trampolines   0x0000000000000068        0x0 linker stubs
 *(.trampolines*)
                0x0000000000000068                __trampolines_end = .
 *(.jumptables)
 *(.jumptables*)
 *(.lowtext)
 *(.lowtext*)
                0x0000000000000068                __ctors_start = .
 *(.ctors)
                0x0000000000000068                __ctors_end = .
                0x0000000000000068                __dtors_start = .
 *(.dtors)
                0x0000000000000068                __dtors_end = .
 SORT(*)(.ctors)
 SORT(*)(.dtors)
 *(.init0)
 .init0         0x0000000000000068        0x0 /opt/local/lib/gcc/avr/4.8.2/../../../../avr/lib/avr5/crtm328p.o
                0x0000000000000068                __init
 *(.init0)
 *(.init1)
 *(.init1)
 *(.init2)
 .init2         0x0000000000000068        0xc /opt/local/lib/gcc/avr/4.8.2/../../../../avr/lib/avr5/crtm328p.o
 *(.init2)
 *(.init3)
 *(.init3)
 *(.init4)
 *(.init4)
 *(.init5)
 *(.init5)
 *(.init6)
 *(.init6)
 *(.init7)
 *(.init7)
 *(.init8)
 *(.init8)
 *(.init9)
 .init9         0x0000000000000074        0x8 /opt/local/lib/gcc/avr/4.8.2/../../../../avr/lib/avr5/crtm328p.o
 *(.init9)
 *(.text)
 .text          0x000000000000007c        0x4 /opt/local/lib/gcc/avr/4.8.2/../../../../avr/lib/avr5/crtm328p.o
                0x000000000000007c                __vector_20
                0x000000000000007c                __vector_1
                0x000000000000007c                __vector_24
                0x000000000000007c                __vector_12
                0x000000000000007c                __bad_interrupt
                0x000000000000007c                __vector_6
                0x000000000000007c                __vector_3
                0x000000000000007c                __vector_23
                0x000000000000007c                __vector_25
                0x000000000000007c                __vector_11
                0x000000000000007c                __vector_13
                0x000000000000007c                __vector_17
                0x000000000000007c                __vector_19
                0x000000000000007c                __vector_7
                0x000000000000007c                __vector_5
                0x000000000000007c                __vector_4
                0x000000000000007c                __vector_9
                0x000000000000007c                __vector_2
                0x000000000000007c                __vector_21
                0x000000000000007c                __vector_15
                0x000000000000007c                __vector_8
                0x000000000000007c                __vector_14
                0x000000000000007c                __vector_10
                0x000000000000007c                __vector_16
                0x000000000000007c                __vector_18
                0x000000000000007c                __vector_22
 .text          0x0000000000000080       0x62 main.o
                0x0000000000000080                init_mcu
 .text          0x00000000000000e2      0x228 fishertechnikmodel.o
                0x00000000000000e2                flashntimes
                0x0000000000000120                allOff
                0x000000000000012c                motorTurn
                0x0000000000000144                motorOff
                0x0000000000000148                compressorOn
                0x000000000000014c                compressorOff
                0x0000000000000150                vacuumOn
                0x0000000000000154                vacuumOff
                0x0000000000000158                hefboomUp
                0x000000000000015c                hefboomDown
                0x0000000000000160                ledOn
                0x0000000000000164                ledOff
                0x0000000000000168                motorCountSteps
                0x0000000000000198                motorTurnSteps
                0x00000000000001b0                readColorSensor
 .text          0x000000000000030a        0x0 /opt/local/lib/gcc/avr/4.8.2/avr5/libgcc.a(_exit.o)
 .text          0x000000000000030a        0x0 /opt/local/lib/gcc/avr/4.8.2/../../../../avr/lib/avr5/libm.a(cmpsf2.o)
 .text          0x000000000000030a        0x0 /opt/local/lib/gcc/avr/4.8.2/../../../../avr/lib/avr5/libm.a(floatsisf.o)
 .text          0x000000000000030a        0x0 /opt/local/lib/gcc/avr/4.8.2/../../../../avr/lib/avr5/libm.a(fp_cmp.o)
 .text          0x000000000000030a        0x0 /opt/local/lib/gcc/avr/4.8.2/../../../../avr/lib/avr5/libm.a(gesf2.o)
                0x000000000000030a                . = ALIGN (0x2)
 *(.text.*)
 .text.startup  0x000000000000030a      0x17c main.o
                0x000000000000030a                main
 .text.libgcc.mul
                0x0000000000000486        0x0 /opt/local/lib/gcc/avr/4.8.2/avr5/libgcc.a(_exit.o)
 .text.libgcc.div
                0x0000000000000486        0x0 /opt/local/lib/gcc/avr/4.8.2/avr5/libgcc.a(_exit.o)
 .text.libgcc   0x0000000000000486        0x0 /opt/local/lib/gcc/avr/4.8.2/avr5/libgcc.a(_exit.o)
 .text.libgcc.prologue
                0x0000000000000486        0x0 /opt/local/lib/gcc/avr/4.8.2/avr5/libgcc.a(_exit.o)
 .text.libgcc.builtins
                0x0000000000000486        0x0 /opt/local/lib/gcc/avr/4.8.2/avr5/libgcc.a(_exit.o)
 .text.libgcc.fmul
                0x0000000000000486        0x0 /opt/local/lib/gcc/avr/4.8.2/avr5/libgcc.a(_exit.o)
 .text.libgcc.fixed
                0x0000000000000486        0x0 /opt/local/lib/gcc/avr/4.8.2/avr5/libgcc.a(_exit.o)
 .text.avr-libc.fplib
                0x0000000000000486        0x8 /opt/local/lib/gcc/avr/4.8.2/../../../../avr/lib/avr5/libm.a(cmpsf2.o)
                0x0000000000000486                __lesf2
                0x0000000000000486                __nesf2
                0x0000000000000486                __eqsf2
                0x0000000000000486                __cmpsf2
                0x0000000000000486                __ltsf2
 .text.avr-libc.fplib
                0x000000000000048e       0x7a /opt/local/lib/gcc/avr/4.8.2/../../../../avr/lib/avr5/libm.a(floatsisf.o)
                0x000000000000048e                __floatunsisf
                0x0000000000000492                __floatsisf
 .text.avr-libc.fplib
                0x0000000000000508       0x48 /opt/local/lib/gcc/avr/4.8.2/../../../../avr/lib/avr5/libm.a(fp_cmp.o)
                0x0000000000000508                __fp_cmp
 .text.avr-libc.fplib
                0x0000000000000550        0x8 /opt/local/lib/gcc/avr/4.8.2/../../../../avr/lib/avr5/libm.a(gesf2.o)
                0x0000000000000550                __gtsf2
                0x0000000000000550                __gesf2
                0x0000000000000558                . = ALIGN (0x2)
 *(.fini9)
 .fini9         0x0000000000000558        0x0 /opt/local/lib/gcc/avr/4.8.2/avr5/libgcc.a(_exit.o)
                0x0000000000000558                exit
                0x0000000000000558                _exit
 *(.fini9)
 *(.fini8)
 *(.fini8)
 *(.fini7)
 *(.fini7)
 *(.fini6)
 *(.fini6)
 *(.fini5)
 *(.fini5)
 *(.fini4)
 *(.fini4)
 *(.fini3)
 *(.fini3)
 *(.fini2)
 *(.fini2)
 *(.fini1)
 *(.fini1)
 *(.fini0)
 .fini0         0x0000000000000558        0x4 /opt/local/lib/gcc/avr/4.8.2/avr5/libgcc.a(_exit.o)
 *(.fini0)
                0x000000000000055c                _etext = .

.data           0x0000000000800100        0x0 load address 0x000000000000055c
                0x0000000000800100                PROVIDE (__data_start, .)
 *(.data)
 .data          0x0000000000800100        0x0 /opt/local/lib/gcc/avr/4.8.2/../../../../avr/lib/avr5/crtm328p.o
 .data          0x0000000000800100        0x0 main.o
 .data          0x0000000000800100        0x0 fishertechnikmodel.o
 .data          0x0000000000800100        0x0 /opt/local/lib/gcc/avr/4.8.2/avr5/libgcc.a(_exit.o)
 .data          0x0000000000800100        0x0 /opt/local/lib/gcc/avr/4.8.2/../../../../avr/lib/avr5/libm.a(cmpsf2.o)
 .data          0x0000000000800100        0x0 /opt/local/lib/gcc/avr/4.8.2/../../../../avr/lib/avr5/libm.a(floatsisf.o)
 .data          0x0000000000800100        0x0 /opt/local/lib/gcc/avr/4.8.2/../../../../avr/lib/avr5/libm.a(fp_cmp.o)
 .data          0x0000000000800100        0x0 /opt/local/lib/gcc/avr/4.8.2/../../../../avr/lib/avr5/libm.a(gesf2.o)
 *(.data*)
 *(.rodata)
 *(.rodata*)
 *(.gnu.linkonce.d*)
                0x0000000000800100                . = ALIGN (0x2)
                0x0000000000800100                _edata = .
                0x0000000000800100                PROVIDE (__data_end, .)

.bss            0x0000000000800100        0x0
                0x0000000000800100                PROVIDE (__bss_start, .)
 *(.bss)
 .bss           0x0000000000800100        0x0 /opt/local/lib/gcc/avr/4.8.2/../../../../avr/lib/avr5/crtm328p.o
 .bss           0x0000000000800100        0x0 main.o
 .bss           0x0000000000800100        0x0 fishertechnikmodel.o
 .bss           0x0000000000800100        0x0 /opt/local/lib/gcc/avr/4.8.2/avr5/libgcc.a(_exit.o)
 .bss           0x0000000000800100        0x0 /opt/local/lib/gcc/avr/4.8.2/../../../../avr/lib/avr5/libm.a(cmpsf2.o)
 .bss           0x0000000000800100        0x0 /opt/local/lib/gcc/avr/4.8.2/../../../../avr/lib/avr5/libm.a(floatsisf.o)
 .bss           0x0000000000800100        0x0 /opt/local/lib/gcc/avr/4.8.2/../../../../avr/lib/avr5/libm.a(fp_cmp.o)
 .bss           0x0000000000800100        0x0 /opt/local/lib/gcc/avr/4.8.2/../../../../avr/lib/avr5/libm.a(gesf2.o)
 *(.bss*)
 *(COMMON)
                0x0000000000800100                PROVIDE (__bss_end, .)
                0x000000000000055c                __data_load_start = LOADADDR (.data)
                0x000000000000055c                __data_load_end = (__data_load_start + SIZEOF (.data))

.noinit         0x0000000000800100        0x0
                0x0000000000800100                PROVIDE (__noinit_start, .)
 *(.noinit*)
                0x0000000000800100                PROVIDE (__noinit_end, .)
                0x0000000000800100                _end = .
                0x0000000000800100                PROVIDE (__heap_start, .)

.eeprom         0x0000000000810000        0x0
 *(.eeprom*)
                0x0000000000810000                __eeprom_end = .

.fuse
 *(.fuse)
 *(.lfuse)
 *(.hfuse)
 *(.efuse)

.lock
 *(.lock*)

.signature      0x0000000000840000        0x3
 *(.signature*)
 .signature     0x0000000000840000        0x3 main.o
                0x0000000000840000                __signature

.stab           0x0000000000000000     0x2124
 *(.stab)
 .stab          0x0000000000000000      0x6cc /opt/local/lib/gcc/avr/4.8.2/../../../../avr/lib/avr5/crtm328p.o
 .stab          0x00000000000006cc      0x8f4 main.o
                                        0x900 (size before relaxing)
 .stab          0x0000000000000fc0      0xb04 fishertechnikmodel.o
                                        0xcc0 (size before relaxing)
 .stab          0x0000000000001ac4       0x6c /opt/local/lib/gcc/avr/4.8.2/avr5/libgcc.a(_exit.o)
                                         0x78 (size before relaxing)
 .stab          0x0000000000001b30       0x90 /opt/local/lib/gcc/avr/4.8.2/../../../../avr/lib/avr5/libm.a(cmpsf2.o)
                                         0x9c (size before relaxing)
 .stab          0x0000000000001bc0      0x318 /opt/local/lib/gcc/avr/4.8.2/../../../../avr/lib/avr5/libm.a(floatsisf.o)
                                        0x324 (size before relaxing)
 .stab          0x0000000000001ed8      0x1e0 /opt/local/lib/gcc/avr/4.8.2/../../../../avr/lib/avr5/libm.a(fp_cmp.o)
                                        0x1ec (size before relaxing)
 .stab          0x00000000000020b8       0x6c /opt/local/lib/gcc/avr/4.8.2/../../../../avr/lib/avr5/libm.a(gesf2.o)
                                         0x78 (size before relaxing)

.stabstr        0x0000000000000000     0x1284
 *(.stabstr)
 .stabstr       0x0000000000000000     0x1284 /opt/local/lib/gcc/avr/4.8.2/../../../../avr/lib/avr5/crtm328p.o

.stab.excl
 *(.stab.excl)

.stab.exclstr
 *(.stab.exclstr)

.stab.index
 *(.stab.index)

.stab.indexstr
 *(.stab.indexstr)

.comment        0x0000000000000000       0x11
 *(.comment)
 .comment       0x0000000000000000       0x11 main.o
                                         0x12 (size before relaxing)
 .comment       0x0000000000000000       0x12 fishertechnikmodel.o

.debug
 *(.debug)

.line
 *(.line)

.debug_srcinfo
 *(.debug_srcinfo)

.debug_sfnames
 *(.debug_sfnames)

.debug_aranges
 *(.debug_aranges)

.debug_pubnames
 *(.debug_pubnames)

.debug_info
 *(.debug_info)
 *(.gnu.linkonce.wi.*)

.debug_abbrev
 *(.debug_abbrev)

.debug_line
 *(.debug_line)

.debug_frame
 *(.debug_frame)

.debug_str
 *(.debug_str)

.debug_loc
 *(.debug_loc)

.debug_macinfo
 *(.debug_macinfo)

.debug_pubtypes
 *(.debug_pubtypes)

.debug_ranges
 *(.debug_ranges)

.debug_macro
 *(.debug_macro)
OUTPUT(main.elf elf32-avr)
LOAD linker stubs
